[geniusdevs.com/themeforest/icard/icard/index2.html]
[backblue.gif]
[fade.gif]
[index.html]
[geniusdevs.com/themeforest/icard/icard/assets/images/favicon.png]
[geniusdevs.com/themeforest/icard/icard/assets/css/animate.css]
[geniusdevs.com/themeforest/icard/icard/assets/css/bootstrap.min.css]
[geniusdevs.com/themeforest/icard/icard/assets/css/plugin.css]
[geniusdevs.com/themeforest/icard/icard/assets/css/owl.carousel.min.css]
[geniusdevs.com/themeforest/icard/icard/assets/css/style.css]
[geniusdevs.com/themeforest/icard/icard/assets/css/responsive.css]
[geniusdevs.com/themeforest/icard/icard/assets/css/lite.css]
[geniusdevs.com/themeforest/icard/icard/assets/images/main-img.jpg]
[geniusdevs.com/themeforest/icard/icard/ajax/service1.html]
[geniusdevs.com/themeforest/icard/icard/assets/images/s1.png]
[geniusdevs.com/themeforest/icard/icard/ajax/service2.html]
[geniusdevs.com/themeforest/icard/icard/assets/images/s2.png]
[geniusdevs.com/themeforest/icard/icard/ajax/service3.html]
[geniusdevs.com/themeforest/icard/icard/assets/images/s3.png]
[geniusdevs.com/themeforest/icard/icard/ajax/service4.html]
[geniusdevs.com/themeforest/icard/icard/assets/images/s4.png]
[geniusdevs.com/themeforest/icard/icard/ajax/service5.html]
[geniusdevs.com/themeforest/icard/icard/assets/images/s5.png]
[geniusdevs.com/themeforest/icard/icard/ajax/service6.html]
[geniusdevs.com/themeforest/icard/icard/assets/images/s6.png]
[geniusdevs.com/themeforest/icard/icard/assets/images/rev1.jpg]
[geniusdevs.com/themeforest/icard/icard/assets/images/rev2.jpg]
[geniusdevs.com/themeforest/icard/icard/assets/images/rev3.jpg]
[geniusdevs.com/themeforest/icard/icard/ajax/portfolio-ajax-project-1.html]
[geniusdevs.com/themeforest/icard/icard/assets/images/1.jpg]
[geniusdevs.com/themeforest/icard/icard/ajax/portfolio-ajax-project-2.html]
[geniusdevs.com/themeforest/icard/icard/assets/images/2.jpg]
[geniusdevs.com/themeforest/icard/icard/ajax/portfolio-ajax-project-3.html]
[geniusdevs.com/themeforest/icard/icard/assets/images/3.jpg]
[geniusdevs.com/themeforest/icard/icard/assets/images/4.jpg]
[geniusdevs.com/themeforest/icard/icard/assets/images/5.jpg]
[geniusdevs.com/themeforest/icard/icard/assets/images/6.jpg]
[geniusdevs.com/themeforest/icard/icard/assets/images/7.jpg]
[geniusdevs.com/themeforest/icard/icard/assets/images/8.jpg]
[geniusdevs.com/themeforest/icard/icard/assets/images/9.jpg]
[geniusdevs.com/themeforest/icard/icard/assets/images/b1.jpg]
[geniusdevs.com/themeforest/icard/icard/assets/images/b2.jpg]
[geniusdevs.com/themeforest/icard/icard/assets/images/b3.jpg]
[geniusdevs.com/themeforest/icard/icard/assets/images/b4.jpg]
[geniusdevs.com/themeforest/icard/icard/assets/images/b5.jpg]
[geniusdevs.com/themeforest/icard/icard/assets/images/b6.jpg]
[geniusdevs.com/themeforest/icard/icard/assets/js/bootstrap.min.js]
[geniusdevs.com/themeforest/icard/icard/assets/js/jquery.js]
[geniusdevs.com/themeforest/icard/icard/assets/js/magnific-popup.js]
[geniusdevs.com/themeforest/icard/icard/assets/js/circel.js]
[geniusdevs.com/themeforest/icard/icard/assets/js/typed.min.js]
[geniusdevs.com/themeforest/icard/icard/assets/js/mixitup.min.js]
[geniusdevs.com/themeforest/icard/icard/assets/js/owl.carousel.min.js]
[geniusdevs.com/themeforest/icard/icard/assets/js/main.js]
[geniusdevs.com/themeforest/icard/icard/index2.html]
[geniusdevs.com/themeforest/icard/icard/assets/css/animate.css]
[geniusdevs.com/themeforest/icard/icard/assets/css/bootstrap.min.css]
[geniusdevs.com/themeforest/icard/icard/assets/fonts/fa-brands-400.eot]
[geniusdevs.com/themeforest/icard/icard/assets/fonts/fa-brands-400d41d.eot]
[geniusdevs.com/themeforest/icard/icard/assets/fonts/fa-brands-400.woff2]
[geniusdevs.com/themeforest/icard/icard/assets/fonts/fa-brands-400.woff]
[geniusdevs.com/themeforest/icard/icard/assets/fonts/fa-brands-400.ttf]
[geniusdevs.com/themeforest/icard/icard/assets/fonts/fa-regular-400.eot]
[geniusdevs.com/themeforest/icard/icard/assets/fonts/fa-regular-400d41d.eot]
[geniusdevs.com/themeforest/icard/icard/assets/fonts/fa-regular-400.woff2]
[geniusdevs.com/themeforest/icard/icard/assets/fonts/fa-regular-400.woff]
[geniusdevs.com/themeforest/icard/icard/assets/fonts/fa-brands-400.svg]
[geniusdevs.com/themeforest/icard/icard/assets/fonts/fa-regular-400.ttf]
[geniusdevs.com/themeforest/icard/icard/assets/fonts/fa-regular-400.svg]
[geniusdevs.com/themeforest/icard/icard/assets/fonts/fa-solid-900.eot]
[geniusdevs.com/themeforest/icard/icard/assets/fonts/fa-solid-900d41d.eot]
[geniusdevs.com/themeforest/icard/icard/assets/fonts/fa-solid-900.woff2]
[geniusdevs.com/themeforest/icard/icard/assets/fonts/fa-solid-900.woff]
[geniusdevs.com/themeforest/icard/icard/assets/fonts/fa-solid-900.ttf]
[geniusdevs.com/themeforest/icard/icard/assets/css/plugin.css]
[geniusdevs.com/themeforest/icard/icard/assets/css/owl.carousel.min.css]
[geniusdevs.com/themeforest/icard/icard/assets/css/style.css]
[geniusdevs.com/themeforest/icard/icard/assets/css/responsive.css]
[geniusdevs.com/themeforest/icard/icard/assets/css/lite.css]
[geniusdevs.com/themeforest/icard/icard/ajax/service1.html]
[geniusdevs.com/themeforest/icard/icard/ajax/service2.html]
[geniusdevs.com/themeforest/icard/icard/ajax/service3.html]
[geniusdevs.com/themeforest/icard/icard/ajax/service4.html]
[geniusdevs.com/themeforest/icard/icard/assets/fonts/fa-solid-900.svg]
[geniusdevs.com/themeforest/icard/icard/ajax/service5.html]
[geniusdevs.com/themeforest/icard/icard/ajax/service6.html]
[geniusdevs.com/themeforest/icard/icard/ajax/portfolio-ajax-project-1.html]
[geniusdevs.com/themeforest/icard/icard/ajax/portfolio-ajax-project-2.html]
[geniusdevs.com/themeforest/icard/icard/ajax/portfolio-ajax-project-3.html]
[geniusdevs.com/themeforest/icard/icard/assets/fonts/fa-brands-400.svg]
[geniusdevs.com/themeforest/icard/icard/assets/fonts/fa-regular-400.svg]
[geniusdevs.com/themeforest/icard/icard/assets/fonts/fa-solid-900.svg]
[geniusdevs.com/themeforest/icard/icard/assets/css/owl.video.play.html]
[geniusdevs.com/themeforest/icard/icard/ajax/assets/images/s1.html]
[geniusdevs.com/themeforest/icard/icard/ajax/assets/images/s2.html]
[geniusdevs.com/themeforest/icard/icard/ajax/assets/images/s3.html]
[geniusdevs.com/themeforest/icard/icard/ajax/assets/images/s4.html]
[geniusdevs.com/themeforest/icard/icard/ajax/assets/images/s5.html]
[geniusdevs.com/themeforest/icard/icard/ajax/assets/images/s6.html]
[geniusdevs.com/themeforest/icard/icard/ajax/assets/images/1.html]
[geniusdevs.com/themeforest/icard/icard/ajax/assets/images/2.html]
[geniusdevs.com/themeforest/icard/icard/ajax/assets/images/4.html]
[geniusdevs.com/themeforest/icard/icard/ajax/assets/images/3.html]
